Testing Gemini API...
API Key found: Yes (Starts with AIzaS)
Attempting to generate content with gemini-1.5-flash...
node : Γ¥î gemini-1.5-flash Failed: 
[GoogleGenerativeAI Error]: Error fetching 
from https://generativelanguage.googleapis.co
m/v1beta/models/gemini-1.5-flash:generateCont
ent: [404 Not Found] models/gemini-1.5-flash 
is not found for API version v1beta, or is 
not supported for generateContent. Call 
ListModels to see the list of available 
models and their supported methods.
At line:1 char:1
+ node scripts/test-api.js > test_output.txt 
2>&1
+ ~~~~~~~~~~~~~~~~~~~~~~~~~~~~~~~~~~~~~~~~~~~
~~~~
    + CategoryInfo          : NotSpecified:  
   (Γ¥î gemini-1.5-...ported methods.:Strin  
  g) [], RemoteException
    + FullyQualifiedErrorId : NativeCommandE 
   rror
 
Attempting to generate content with gemini-pro...
Γ¥î gemini-pro Failed: [GoogleGenerativeAI 
Error]: Error fetching from https://generativ
elanguage.googleapis.com/v1beta/models/gemini
-pro:generateContent: [404 Not Found] 
models/gemini-pro is not found for API 
version v1beta, or is not supported for 
generateContent. Call ListModels to see the 
list of available models and their supported 
methods.
